// Jest Snapshot v1, https://goo.gl/fbAQLP

exports[`Snapshot test cases Snapshot for App component 1`] = `
Object {
  "asFragment": [Function],
  "baseElement": <body>
    <div>
      <div
        class="App"
      >
        <p>
          First React test case
        </p>
        <input
          placeholder="Enter username"
          type="text"
          value=""
        />
        <br />
        <br />
        <button>
          Update Data
        </button>
        <h1 />
        <br />
        <br />
        <img
          src="https://image.jimcdn.com/app/cms/image/transf/none/path/sa6549607c78f5c11/image/i4eeacaa2dbf12d6d/version/1490299332/most-beautiful-landscapes-in-europe-lofoten-european-best-destinations-copyright-iakov-kalinin.jpg3919321_1443393332_n.jpg"
          title="AI Genrated Image"
        />
      </div>
    </div>
  </body>,
  "container": <div>
    <div
      class="App"
    >
      <p>
        First React test case
      </p>
      <input
        placeholder="Enter username"
        type="text"
        value=""
      />
      <br />
      <br />
      <button>
        Update Data
      </button>
      <h1 />
      <br />
      <br />
      <img
        src="https://image.jimcdn.com/app/cms/image/transf/none/path/sa6549607c78f5c11/image/i4eeacaa2dbf12d6d/version/1490299332/most-beautiful-landscapes-in-europe-lofoten-european-best-destinations-copyright-iakov-kalinin.jpg3919321_1443393332_n.jpg"
        title="AI Genrated Image"
      />
    </div>
  </div>,
  "debug": [Function],
  "findAllByAltText": [Function],
  "findAllByDisplayValue": [Function],
  "findAllByLabelText": [Function],
  "findAllByPlaceholderText": [Function],
  "findAllByRole": [Function],
  "findAllByTestId": [Function],
  "findAllByText": [Function],
  "findAllByTitle": [Function],
  "findByAltText": [Function],
  "findByDisplayValue": [Function],
  "findByLabelText": [Function],
  "findByPlaceholderText": [Function],
  "findByRole": [Function],
  "findByTestId": [Function],
  "findByText": [Function],
  "findByTitle": [Function],
  "getAllByAltText": [Function],
  "getAllByDisplayValue": [Function],
  "getAllByLabelText": [Function],
  "getAllByPlaceholderText": [Function],
  "getAllByRole": [Function],
  "getAllByTestId": [Function],
  "getAllByText": [Function],
  "getAllByTitle": [Function],
  "getByAltText": [Function],
  "getByDisplayValue": [Function],
  "getByLabelText": [Function],
  "getByPlaceholderText": [Function],
  "getByRole": [Function],
  "getByTestId": [Function],
  "getByText": [Function],
  "getByTitle": [Function],
  "queryAllByAltText": [Function],
  "queryAllByDisplayValue": [Function],
  "queryAllByLabelText": [Function],
  "queryAllByPlaceholderText": [Function],
  "queryAllByRole": [Function],
  "queryAllByTestId": [Function],
  "queryAllByText": [Function],
  "queryAllByTitle": [Function],
  "queryByAltText": [Function],
  "queryByDisplayValue": [Function],
  "queryByLabelText": [Function],
  "queryByPlaceholderText": [Function],
  "queryByRole": [Function],
  "queryByTestId": [Function],
  "queryByText": [Function],
  "queryByTitle": [Function],
  "rerender": [Function],
  "unmount": [Function],
}
`;
